
> jamspot-serverless@2.0.0 build
> vite build

